// Jest Snapshot v1, https://goo.gl/fbAQLP

exports[`<ArticleCard /> renders  <ArticleCard /> components 1`] = `ShallowWrapper {}`;
