// Jest Snapshot v1, https://goo.gl/fbAQLP

exports[`<ArticleActions /> renders  <ArticleActions /> components 1`] = `ShallowWrapper {}`;
