// Jest Snapshot v1, https://goo.gl/fbAQLP

exports[`<ArticleLoader /> renders  <ArticleLoader /> components 1`] = `ShallowWrapper {}`;
