// Jest Snapshot v1, https://goo.gl/fbAQLP

exports[`<InlineLoader /> renders  <InlineLoader /> components 1`] = `ShallowWrapper {}`;
