// Jest Snapshot v1, https://goo.gl/fbAQLP

exports[`<Article /> renders  <Article /> components 1`] = `ShallowWrapper {}`;
