// Jest Snapshot v1, https://goo.gl/fbAQLP

exports[`<UserInfo /> renders  <UserInfo /> components 1`] = `ShallowWrapper {}`;
