// Jest Snapshot v1, https://goo.gl/fbAQLP

exports[`<ArticleDetailsLoader /> renders  <ArticleDetailsLoader /> components 1`] = `ShallowWrapper {}`;
