// Jest Snapshot v1, https://goo.gl/fbAQLP

exports[`<DividerBlock /> renders  <DividerBlock /> components 1`] = `ShallowWrapper {}`;
