// Jest Snapshot v1, https://goo.gl/fbAQLP

exports[`<Scroll /> renders  <Scroll /> components 1`] = `ShallowWrapper {}`;
