// Jest Snapshot v1, https://goo.gl/fbAQLP

exports[`<Paginator /> renders  <Paginator /> components 1`] = `ShallowWrapper {}`;
