// Jest Snapshot v1, https://goo.gl/fbAQLP

exports[`<LikeDislike /> renders  <LikeDislike /> components 1`] = `ShallowWrapper {}`;
