// Jest Snapshot v1, https://goo.gl/fbAQLP

exports[`<AuthorDetails /> renders  <AuthorDetails /> components 1`] = `ShallowWrapper {}`;
