// Jest Snapshot v1, https://goo.gl/fbAQLP

exports[`<Trending /> renders  <Trending /> components 1`] = `ShallowWrapper {}`;
